2026-08-29 02:34:04 | INFO     | cardiosense.clinical.data    | Prepared dataset: 240 rows, 13 features, positive rate 82.1%
2026-08-29 02:34:04 | WARNING  | cardiosense.clinical.data    | Dropped 5 exact duplicate rows (they would leak across splits).
2026-08-29 02:34:04 | INFO     | cardiosense.clinical.data    | Prepared dataset: 240 rows, 13 features, positive rate 82.1%
2026-08-29 02:34:04 | WARNING  | cardiosense.clinical.data    | chol: 7 rows had a value of 0, which is physiologically impossible. Treated as missing.
2026-08-29 02:34:04 | INFO     | cardiosense.clinical.data    | Prepared dataset: 240 rows, 13 features, positive rate 82.1%
2026-08-29 02:34:04 | INFO     | cardiosense.clinical.preprocessing | Split: train=168, val=36, test=36 (positive rate 0.821 / 0.806 / 0.833)
2026-08-29 02:34:04 | WARNING  | cardiosense.clinical.preprocessing | Test split has only 36 patients. Report confidence intervals, not point estimates — a single flipped prediction moves accuracy by 2.8 points.
2026-08-29 02:34:04 | INFO     | cardiosense.clinical.preprocessing | Split: train=168, val=36, test=36 (positive rate 0.821 / 0.806 / 0.833)
2026-08-29 02:34:04 | WARNING  | cardiosense.clinical.preprocessing | Test split has only 36 patients. Report confidence intervals, not point estimates — a single flipped prediction moves accuracy by 2.8 points.
2026-08-29 02:34:04 | INFO     | cardiosense.clinical.preprocessing | Split: train=168, val=36, test=36 (positive rate 0.821 / 0.806 / 0.833)
2026-08-29 02:34:04 | WARNING  | cardiosense.clinical.preprocessing | Test split has only 36 patients. Report confidence intervals, not point estimates — a single flipped prediction moves accuracy by 2.8 points.
2026-08-29 02:34:04 | INFO     | cardiosense.clinical.preprocessing | Fitting preprocessor on 168 training rows (train only — no leakage).
2026-08-29 02:34:04 | INFO     | cardiosense.clinical.preprocessing | Fitting preprocessor on 168 training rows (train only — no leakage).
2026-08-29 02:34:04 | INFO     | cardiosense.clinical.preprocessing | Transformed feature matrix: 13 raw features -> 28 encoded features
2026-08-29 02:34:05 | INFO     | cardiosense.clinical.evaluate | Tie broken in favour of the simpler model: logistic_regression over xgboost
2026-08-29 02:34:05 | INFO     | cardiosense.clinical.evaluate | Selected model: logistic_regression (validation roc_auc = 0.8600)
2026-08-29 02:34:05 | INFO     | cardiosense.clinical.evaluate | Selected model: xgboost (validation roc_auc = 0.8800)
2026-08-29 02:34:06 | INFO     | cardiosense.clinical.evaluate | Threshold tuned on out-of-fold train predictions + validation (youden, n=255): 0.512 | validation-only would give 0.650
2026-08-29 02:34:06 | WARNING  | cardiosense.clinical.evaluate | Pooled threshold tuning requested but no out-of-fold predictions were supplied; falling back to validation only.
2026-08-29 02:34:07 | INFO     | cardiosense.clinical.evaluate | Threshold tuned on validation (youden, n=50): 0.084 | validation-only would give 0.084
2026-08-29 02:34:07 | INFO     | cardiosense.clinical.evaluate | [test] 3 errors of 36 (8.3%): 2 FN, 1 FP
2026-08-29 02:34:07 | WARNING  | cardiosense.clinical.evaluate | The model is on average as confident when wrong as when right. That is a calibration problem, not an accuracy problem — see calibrate.py.
2026-08-29 02:34:10 | INFO     | cardiosense.clinical.calibrate | Calibration method selection (held-out brier on 168 OOF pairs): {'sigmoid': 0.13937, 'isotonic': 0.14682}
2026-08-29 02:34:10 | INFO     | cardiosense.clinical.calibrate | Selected 'sigmoid' (uncalibrated brier = 0.22642 -> 0.13937)
2026-08-29 02:34:10 | INFO     | cardiosense.clinical.calibrate | Fitting sigmoid calibrator on 36 validation patients (base model frozen).
2026-08-29 02:34:10 | INFO     | cardiosense.clinical.calibrate | Fitting sigmoid calibrator on 36 validation patients (base model frozen).
2026-08-29 02:34:11 | WARNING  | cardiosense.clinical.predict | No calibrator at C:\Users\aksha\AppData\Local\Temp\pytest-of-aksha\pytest-1\test_predictor_handles_missing0\clinical_calibrator.pkl; calibrated outputs will mirror the raw probability and must not be treated as reliability estimates.
2026-08-29 02:34:11 | WARNING  | cardiosense.clinical.predict | Missing features ['trestbps', 'chol', 'thalach', 'oldpeak', 'fbs', 'restecg', 'exang', 'slope'] — imputed by the fitted preprocessor.
2026-08-29 02:34:11 | INFO     | cardiosense.common.training  | Early stopping: no improvement in 2 epochs (best=0.80000 at epoch 1)
2026-08-29 02:34:11 | INFO     | cardiosense.common.training  | New best val_auc = 0.50000 at epoch 0 -> best.pt
2026-08-29 02:34:11 | INFO     | cardiosense.common.training  | New best val_auc = 0.80000 at epoch 1 -> best.pt
2026-08-29 02:34:11 | INFO     | cardiosense.common.training  | New best val_auc = 0.50000 at epoch 0 -> best.pt
2026-08-29 02:34:11 | INFO     | cardiosense.common.training  | New best val_auc = 0.80000 at epoch 1 -> best.pt
2026-08-29 02:34:11 | INFO     | cardiosense.common.training  | Resumed from last.pt at epoch 3 (best val_auc = 0.8)
2026-08-29 02:34:13 | INFO     | cardiosense.ecg.data         | PTB-XL verified at C:\Users\aksha\AppData\Local\Temp\pytest-of-aksha\pytest-1\ptbxl0 (1 record folders at 100 Hz)
2026-08-29 02:34:13 | INFO     | cardiosense.ecg.data         | Loaded metadata: 60 records, 20 patients, 7 SCP statements
2026-08-29 02:34:13 | INFO     | cardiosense.ecg.data         | 6 diagnostic SCP codes map onto 5 superclasses
2026-08-29 02:34:13 | INFO     | cardiosense.ecg.data         | Dropped 0 records with no diagnostic superclass.
2026-08-29 02:34:13 | INFO     | cardiosense.ecg.data         | Labels built: 60 records, prevalence {'NORM': 0.1667, 'MI': 0.3333, 'STTC': 0.2667, 'CD': 0.1667, 'HYP': 0.1667}
2026-08-29 02:34:13 | INFO     | cardiosense.ecg.data         | 10.0% of records carry more than one superclass — this is why the task is multi-label and why plain accuracy is not reported.
2026-08-29 02:34:13 | INFO     | cardiosense.ecg.data         | Loaded metadata: 60 records, 20 patients, 7 SCP statements
2026-08-29 02:34:13 | INFO     | cardiosense.ecg.data         | 6 diagnostic SCP codes map onto 5 superclasses
2026-08-29 02:34:13 | INFO     | cardiosense.ecg.data         | Dropped 0 records with no diagnostic superclass.
2026-08-29 02:34:13 | INFO     | cardiosense.ecg.data         | Labels built: 60 records, prevalence {'NORM': 0.1667, 'MI': 0.3333, 'STTC': 0.2667, 'CD': 0.1667, 'HYP': 0.1667}
2026-08-29 02:34:13 | INFO     | cardiosense.ecg.data         | 10.0% of records carry more than one superclass — this is why the task is multi-label and why plain accuracy is not reported.
2026-08-29 02:34:13 | INFO     | cardiosense.ecg.data         | train folds=[1, 2, 3, 4, 5, 6, 7, 8] records=   48 patients=   16
2026-08-29 02:34:13 | INFO     | cardiosense.ecg.data         | val   folds=[9] records=    6 patients=    2
2026-08-29 02:34:13 | INFO     | cardiosense.ecg.data         | test  folds=[10] records=    6 patients=    2
2026-08-29 02:34:13 | INFO     | cardiosense.ecg.data         | Patient overlap between splits: {'train_val': 0, 'train_test': 0, 'val_test': 0} (all zero = leakage-free)
2026-08-29 02:34:13 | INFO     | cardiosense.ecg.data         | train folds=[1, 2, 3, 4, 5, 6, 7, 8] records=   48 patients=   16
2026-08-29 02:34:13 | INFO     | cardiosense.ecg.data         | val   folds=[9] records=    6 patients=    2
2026-08-29 02:34:13 | INFO     | cardiosense.ecg.data         | test  folds=[10] records=    6 patients=    2
2026-08-29 02:34:13 | INFO     | cardiosense.ecg.data         | Patient overlap between splits: {'train_val': 0, 'train_test': 0, 'val_test': 0} (all zero = leakage-free)
2026-08-29 02:34:13 | INFO     | cardiosense.ecg.dataset      | pos_weight per class: [1.0, 19.0, 1.0, 1.0, 1.0]
2026-08-29 02:34:13 | INFO     | cardiosense.ecg.models       | Built cnn1d: 371,013 parameters
2026-08-29 02:34:14 | INFO     | cardiosense.ecg.models       | Built resnet1d: 8,740,869 parameters
2026-08-29 02:34:14 | INFO     | cardiosense.ecg.models       | Built cnn1d: 371,013 parameters
2026-08-29 02:34:14 | INFO     | cardiosense.ecg.models       | Built cnn1d: 371,013 parameters
2026-08-29 02:34:15 | INFO     | cardiosense.ecg.evaluate     | Per-class thresholds (f1, tuned on validation): {'NORM': 0.424, 'MI': 0.424, 'STTC': 0.463, 'CD': 0.483, 'HYP': 0.458}
2026-08-29 02:34:15 | INFO     | cardiosense.ecg.evaluate     | RECOMMENDATION: keep cnn1d (macro_roc_auc = 0.9000)
2026-08-29 02:34:15 | INFO     | cardiosense.ecg.evaluate     |     resnet1d gains only +0.0050 macro_roc_auc over cnn1d, within the 0.01 noise bar — not enough to justify the extra parameters and training cost.
2026-08-29 02:34:15 | INFO     | cardiosense.ecg.evaluate     | RECOMMENDATION: keep resnet1d (macro_roc_auc = 0.9200)
2026-08-29 02:34:15 | INFO     | cardiosense.ecg.evaluate     |     resnet1d beats cnn1d by +0.0500 macro_roc_auc, above the 0.01 bar — the added complexity is justified.
2026-08-29 02:34:15 | INFO     | cardiosense.ecg.evaluate     | RECOMMENDATION: keep statistical_baseline (macro_roc_auc = 0.8000)
2026-08-29 02:34:15 | INFO     | cardiosense.ecg.evaluate     |     cnn1d gains only -0.0100 macro_roc_auc over statistical_baseline, within the 0.01 noise bar — not enough to justify the extra parameters and training cost.
2026-08-29 02:34:15 | WARNING  | cardiosense.ecg.evaluate     | The classical baseline matched or beat the deep models. Either the network is undertrained, or the task is being solved by global signal statistics. Do not report the CNN as an improvement until this is resolved — check the training curves for underfitting before increasing model capacity.
2026-08-29 02:34:15 | INFO     | cardiosense.ecg.models       | Built cnn1d: 371,013 parameters
2026-08-29 02:34:17 | INFO     | cardiosense.ecg.models       | Built cnn1d: 371,013 parameters
2026-08-29 02:34:20 | INFO     | cardiosense.xray.data        | ChestX-ray14 verified at C:\Users\aksha\AppData\Local\Temp\pytest-of-aksha\pytest-1\nih0 (98 images, official lists: True)
2026-08-29 02:34:20 | INFO     | cardiosense.xray.data        | ChestX-ray14 verified at C:\Users\aksha\AppData\Local\Temp\pytest-of-aksha\pytest-1\nih0 (98 images, official lists: True)
2026-08-29 02:34:20 | INFO     | cardiosense.xray.data        | Loaded 98 rows from Data_Entry_2017_v2020.csv (40 patients)
2026-08-29 02:34:20 | INFO     | cardiosense.xray.data        | View filter PA: 98 -> 74 images
2026-08-29 02:34:20 | INFO     | cardiosense.xray.data        | Target 'Cardiomegaly': 9 positives of 74 images (12.16%) across 35 patients
2026-08-29 02:34:20 | WARNING  | cardiosense.xray.data        | Prevalence is 12.16%. A model predicting 'negative' for everything scores 87.8% accuracy and is clinically worthless — PR-AUC is the headline metric, not accuracy.
2026-08-29 02:34:20 | INFO     | cardiosense.xray.data        | Loaded 98 rows from Data_Entry_2017_v2020.csv (40 patients)
2026-08-29 02:34:20 | INFO     | cardiosense.xray.data        | View filter PA: 98 -> 74 images
2026-08-29 02:34:20 | INFO     | cardiosense.xray.data        | Negative subsampling (ratio 2, by patient): 74 -> 24 images
2026-08-29 02:34:20 | INFO     | cardiosense.xray.data        | Target 'Cardiomegaly': 9 positives of 24 images (37.50%) across 15 patients
2026-08-29 02:34:20 | INFO     | cardiosense.xray.data        | Loaded 98 rows from Data_Entry_2017_v2020.csv (40 patients)
2026-08-29 02:34:20 | INFO     | cardiosense.xray.data        | View filter PA: 98 -> 74 images
2026-08-29 02:34:20 | INFO     | cardiosense.xray.data        | Target 'Cardiomegaly': 9 positives of 74 images (12.16%) across 35 patients
2026-08-29 02:34:20 | WARNING  | cardiosense.xray.data        | Prevalence is 12.16%. A model predicting 'negative' for everything scores 87.8% accuracy and is clinically worthless — PR-AUC is the headline metric, not accuracy.
2026-08-29 02:34:20 | INFO     | cardiosense.xray.data        | train     53 images |    23 patients |    7 positive (13.21%)
2026-08-29 02:34:20 | INFO     | cardiosense.xray.data        | val        6 images |     4 patients |    1 positive (16.67%)
2026-08-29 02:34:20 | INFO     | cardiosense.xray.data        | test      15 images |     8 patients |    1 positive (6.67%)
2026-08-29 02:34:20 | INFO     | cardiosense.xray.data        | Patient overlap between splits: {'train_val': 0, 'train_test': 0, 'val_test': 0} (all zero = leakage-free)
2026-08-29 02:34:20 | WARNING  | cardiosense.xray.data        | Prevalence differs by 10.0 points across splits ({'train': 0.13208, 'val': 0.16667, 'test': 0.06667}). Patient-level splitting cannot stratify perfectly when patients contribute different numbers of images; note this when comparing split metrics.
2026-08-29 02:34:20 | INFO     | cardiosense.xray.data        | train     53 images |    23 patients |    7 positive (13.21%)
2026-08-29 02:34:20 | INFO     | cardiosense.xray.data        | val        6 images |     4 patients |    1 positive (16.67%)
2026-08-29 02:34:20 | INFO     | cardiosense.xray.data        | test      15 images |     8 patients |    1 positive (6.67%)
2026-08-29 02:34:20 | INFO     | cardiosense.xray.data        | Patient overlap between splits: {'train_val': 0, 'train_test': 0, 'val_test': 0} (all zero = leakage-free)
2026-08-29 02:34:20 | WARNING  | cardiosense.xray.data        | Prevalence differs by 10.0 points across splits ({'train': 0.13208, 'val': 0.16667, 'test': 0.06667}). Patient-level splitting cannot stratify perfectly when patients contribute different numbers of images; note this when comparing split metrics.
2026-08-29 02:34:20 | INFO     | cardiosense.xray.data        | train     53 images |    23 patients |    7 positive (13.21%)
2026-08-29 02:34:20 | INFO     | cardiosense.xray.data        | val        6 images |     4 patients |    1 positive (16.67%)
2026-08-29 02:34:20 | INFO     | cardiosense.xray.data        | test      15 images |     8 patients |    1 positive (6.67%)
2026-08-29 02:34:20 | INFO     | cardiosense.xray.data        | Patient overlap between splits: {'train_val': 0, 'train_test': 0, 'val_test': 0} (all zero = leakage-free)
2026-08-29 02:34:20 | WARNING  | cardiosense.xray.data        | Prevalence differs by 10.0 points across splits ({'train': 0.13208, 'val': 0.16667, 'test': 0.06667}). Patient-level splitting cannot stratify perfectly when patients contribute different numbers of images; note this when comparing split metrics.
2026-08-29 02:34:20 | INFO     | cardiosense.xray.data        | train     53 images |    23 patients |    7 positive (13.21%)
2026-08-29 02:34:20 | INFO     | cardiosense.xray.data        | val        6 images |     4 patients |    1 positive (16.67%)
2026-08-29 02:34:20 | INFO     | cardiosense.xray.data        | test      15 images |     8 patients |    1 positive (6.67%)
2026-08-29 02:34:20 | INFO     | cardiosense.xray.data        | Patient overlap between splits: {'train_val': 0, 'train_test': 0, 'val_test': 0} (all zero = leakage-free)
2026-08-29 02:34:20 | WARNING  | cardiosense.xray.data        | Prevalence differs by 10.0 points across splits ({'train': 0.13208, 'val': 0.16667, 'test': 0.06667}). Patient-level splitting cannot stratify perfectly when patients contribute different numbers of images; note this when comparing split metrics.
2026-08-29 02:34:23 | INFO     | cardiosense.xray.preprocessing | Train augmentation: crop scale (0.9, 1.0), rotation +/-7 deg, translate (0.05, 0.05), brightness/contrast +/-0.10/0.10, NO horizontal flip
2026-08-29 02:34:23 | INFO     | cardiosense.xray.dataset     | pos_weight = 19.00 (95 negative / 5 positive)
2026-08-29 02:34:23 | INFO     | cardiosense.xray.dataset     | pos_weight = 50.00 (9999 negative / 1 positive)
2026-08-29 02:34:23 | INFO     | cardiosense.xray.models      | DenseNet121 initialised randomly (pretrained=False).
2026-08-29 02:34:23 | INFO     | cardiosense.xray.models      | DenseNet121 initialised randomly (pretrained=False).
2026-08-29 02:34:23 | INFO     | cardiosense.xray.models      | Backbone frozen: 1025 of 6954881 parameters trainable (0.0%)
2026-08-29 02:34:23 | INFO     | cardiosense.xray.models      | Backbone unfrozen from denseblock3: 5525249 of 6954881 parameters trainable (79.4%)
2026-08-29 02:34:23 | INFO     | cardiosense.xray.models      | DenseNet121 initialised randomly (pretrained=False).
2026-08-29 02:34:23 | INFO     | cardiosense.xray.models      | DenseNet121 initialised randomly (pretrained=False).
2026-08-29 02:34:24 | INFO     | cardiosense.xray.baseline    | Majority-class baseline: accuracy 0.9500, recall 0.0000, PR-AUC 0.0500. It identifies 0 of 5 positive cases — which is why accuracy is not the headline metric.
2026-08-29 02:34:24 | INFO     | cardiosense.xray.evaluate    | [test] PR-AUC 0.7102 (chance 0.1000, lift 7.1x) | ROC-AUC 0.9142 | recall 0.850 | precision 0.340 | accuracy 0.8200
2026-08-29 02:34:24 | INFO     | cardiosense.xray.evaluate    |     For scale: predicting 'no cardiomegaly' for every image would score 0.9000 accuracy and find 0 of 20 cases.
2026-08-29 02:34:24 | INFO     | cardiosense.xray.evaluate    | Threshold tuned on validation (max_f1): 0.547 (f1 = 0.6667)
2026-08-29 02:34:24 | INFO     | cardiosense.xray.evaluate    | RECOMMENDATION: keep logreg_pixel_features (pr_auc = 0.4200)
2026-08-29 02:34:24 | INFO     | cardiosense.xray.evaluate    |     logreg_pixel_features beats majority_class by +0.3200 pr_auc, above the 0.02 bar — the added complexity is justified.
2026-08-29 02:34:24 | INFO     | cardiosense.xray.evaluate    |     densenet121 gains only +0.0100 pr_auc over logreg_pixel_features, within the 0.02 noise bar — not enough to justify the extra parameters and training cost.
2026-08-29 02:34:24 | WARNING  | cardiosense.xray.evaluate    | A logistic regression on a 32x32 thumbnail and an intensity histogram matched or beat DenseNet121. That means the task is being solved largely by global exposure and body size rather than cardiac silhouette shape. Do not report the CNN as an improvement until this is resolved — check the training curves for underfitting and confirm the Grad-CAM maps actually sit on the heart.
2026-08-29 02:34:24 | INFO     | cardiosense.xray.evaluate    | RECOMMENDATION: keep densenet121 (pr_auc = 0.5500)
2026-08-29 02:34:24 | INFO     | cardiosense.xray.evaluate    |     logreg_pixel_features beats majority_class by +0.1500 pr_auc, above the 0.02 bar — the added complexity is justified.
2026-08-29 02:34:24 | INFO     | cardiosense.xray.evaluate    |     densenet121 beats logreg_pixel_features by +0.3000 pr_auc, above the 0.02 bar — the added complexity is justified.
2026-08-29 02:34:24 | INFO     | cardiosense.xray.models      | DenseNet121 initialised randomly (pretrained=False).
2026-08-29 02:34:25 | INFO     | cardiosense.xray.models      | DenseNet121 initialised randomly (pretrained=False).
2026-08-29 02:34:26 | INFO     | cardiosense.xray.models      | DenseNet121 initialised randomly (pretrained=False).
